// Jest Snapshot v1, https://goo.gl/fbAQLP

exports[`PrivateRouter should match a snapshot 1`] = `
<Component>
  <Nav />
  <Component
    style={
      Object {
        "overflow": "hidden",
      }
    }
  >
    <Component
      style={
        Object {
          "paddingTop": 0,
        }
      }
    >
      <Suspense
        fallback={
          <Ut
            fullPage={true}
            label="Loading"
          />
        }
      />
    </Component>
  </Component>
</Component>
`;
