// Jest Snapshot v1, https://goo.gl/fbAQLP

exports[`Left bar should render <LeftDashboard/> 1`] = `""`;
